Copyright 1986-2022 Xilinx, Inc. All Rights Reserved. Copyright 2022-2025 Advanced Micro Devices, Inc. All Rights Reserved.
---------------------------------------------------------------------------------------------------------------------------------------------
| Tool Version : Vivado v.2025.1 (lin64) Build 6140274 Wed May 21 22:58:25 MDT 2025
| Date         : Thu Jun 18 19:18:44 2026
| Host         : abid running 64-bit Ubuntu 24.04.4 LTS
| Command      : report_timing -file /home/abid/Github/picorv32_learn/viv/res/report/timing_place.rpt
| Design       : picorv32_soc
| Device       : 7a100t-csg324
| Speed File   : -3  PRODUCTION 1.23 2018-06-13
| Design State : Fully Placed
---------------------------------------------------------------------------------------------------------------------------------------------

Timing Report

Slack (MET) :             0.503ns  (required time - arrival time)
  Source:                 ram_output/rd_addr_reg[2]_rep__12/C
                            (rising edge-triggered cell FDRE clocked by sys_clk_pin  {rise@0.000ns fall@5.000ns period=10.000ns})
  Destination:            cpu/picorv32_core/reg_out_reg[30]/D
                            (rising edge-triggered cell FDRE clocked by sys_clk_pin  {rise@0.000ns fall@5.000ns period=10.000ns})
  Path Group:             sys_clk_pin
  Path Type:              Setup (Max at Slow Process Corner)
  Requirement:            10.000ns  (sys_clk_pin rise@10.000ns - sys_clk_pin rise@0.000ns)
  Data Path Delay:        9.360ns  (logic 1.770ns (18.910%)  route 7.590ns (81.090%))
  Logic Levels:           9  (LUT4=1 LUT5=1 LUT6=3 MUXF7=2 MUXF8=2)
  Clock Path Skew:        -0.135ns (DCD - SCD + CPR)
    Destination Clock Delay (DCD):    3.903ns = ( 13.903 - 10.000 ) 
    Source Clock Delay      (SCD):    4.185ns
    Clock Pessimism Removal (CPR):    0.147ns
  Clock Uncertainty:      0.035ns  ((TSJ^2 + TIJ^2)^1/2 + DJ) / 2 + PE
    Total System Jitter     (TSJ):    0.071ns
    Total Input Jitter      (TIJ):    0.000ns
    Discrete Jitter          (DJ):    0.000ns
    Phase Error              (PE):    0.000ns

    Location             Delay type                Incr(ns)  Path(ns)    Netlist Resource(s)
  -------------------------------------------------------------------    -------------------
                         (clock sys_clk_pin rise edge)
                                                      0.000     0.000 r  
    E3                                                0.000     0.000 r  clk (IN)
                         net (fo=0)                   0.000     0.000    clk
    E3                   IBUF (Prop_ibuf_I_O)         1.330     1.330 r  clk_IBUF_inst/O
                         net (fo=1, estimated)        1.525     2.855    clk_IBUF
    BUFGCTRL_X0Y16       BUFG (Prop_bufg_I_O)         0.076     2.931 r  clk_IBUF_BUFG_inst/O
                         net (fo=67762, estimated)    1.254     4.185    ram_output/clk_IBUF_BUFG
    SLICE_X34Y50         FDRE                                         r  ram_output/rd_addr_reg[2]_rep__12/C
  -------------------------------------------------------------------    -------------------
    SLICE_X34Y50         FDRE (Prop_fdre_C_Q)         0.361     4.546 r  ram_output/rd_addr_reg[2]_rep__12/Q
                         net (fo=128, estimated)      1.999     6.545    ram_output/rd_addr_reg[2]_rep__12_n_0
    SLICE_X80Y12         MUXF7 (Prop_muxf7_S_O)       0.318     6.863 r  ram_output/mem_rdata_q_reg[30]_i_352/O
                         net (fo=1, routed)           0.000     6.863    ram_output/mem_rdata_q_reg[30]_i_352_n_0
    SLICE_X80Y12         MUXF8 (Prop_muxf8_I1_O)      0.067     6.930 r  ram_output/mem_rdata_q_reg[30]_i_137/O
                         net (fo=1, estimated)        0.965     7.895    ram_output/mem_rdata_q_reg[30]_i_137_n_0
    SLICE_X57Y10         LUT6 (Prop_lut6_I3_O)        0.230     8.125 r  ram_output/mem_rdata_q[30]_i_46/O
                         net (fo=1, routed)           0.000     8.125    ram_output/mem_rdata_q[30]_i_46_n_0
    SLICE_X57Y10         MUXF7 (Prop_muxf7_I1_O)      0.188     8.313 r  ram_output/mem_rdata_q_reg[30]_i_19/O
                         net (fo=1, routed)           0.000     8.313    ram_output/mem_rdata_q_reg[30]_i_19_n_0
    SLICE_X57Y10         MUXF8 (Prop_muxf8_I0_O)      0.076     8.389 r  ram_output/mem_rdata_q_reg[30]_i_7/O
                         net (fo=1, estimated)        1.868    10.257    ram_output/mem_rdata_q_reg[30]_i_7_n_0
    SLICE_X49Y66         LUT6 (Prop_lut6_I1_O)        0.239    10.496 r  ram_output/mem_rdata_q[30]_i_3/O
                         net (fo=1, estimated)        1.379    11.875    interconnect/s2_RDATA__0[19]
    SLICE_X48Y107        LUT5 (Prop_lut5_I2_O)        0.097    11.972 r  interconnect/mem_rdata_q[30]_i_1/O
                         net (fo=5, estimated)        0.882    12.854    cpu/picorv32_core/m0_RDATA[30]
    SLICE_X47Y114        LUT4 (Prop_lut4_I0_O)        0.097    12.951 r  cpu/picorv32_core/reg_out[30]_i_2/O
                         net (fo=1, estimated)        0.497    13.448    cpu/picorv32_core/pcpi_div/reg_out_reg[30]
    SLICE_X49Y114        LUT6 (Prop_lut6_I3_O)        0.097    13.545 r  cpu/picorv32_core/pcpi_div/reg_out[30]_i_1/O
                         net (fo=1, routed)           0.000    13.545    cpu/picorv32_core/reg_out[30]
    SLICE_X49Y114        FDRE                                         r  cpu/picorv32_core/reg_out_reg[30]/D
  -------------------------------------------------------------------    -------------------

                         (clock sys_clk_pin rise edge)
                                                     10.000    10.000 r  
    E3                                                0.000    10.000 r  clk (IN)
                         net (fo=0)                   0.000    10.000    clk
    E3                   IBUF (Prop_ibuf_I_O)         1.263    11.263 r  clk_IBUF_inst/O
                         net (fo=1, estimated)        1.449    12.712    clk_IBUF
    BUFGCTRL_X0Y16       BUFG (Prop_bufg_I_O)         0.072    12.784 r  clk_IBUF_BUFG_inst/O
                         net (fo=67762, estimated)    1.119    13.903    cpu/picorv32_core/clk_IBUF_BUFG
    SLICE_X49Y114        FDRE                                         r  cpu/picorv32_core/reg_out_reg[30]/C
                         clock pessimism              0.147    14.050    
                         clock uncertainty           -0.035    14.015    
    SLICE_X49Y114        FDRE (Setup_fdre_C_D)        0.033    14.048    cpu/picorv32_core/reg_out_reg[30]
  -------------------------------------------------------------------
                         required time                         14.048    
                         arrival time                         -13.545    
  -------------------------------------------------------------------
                         slack                                  0.503    




