Copyright 1986-2022 Xilinx, Inc. All Rights Reserved. Copyright 2022-2025 Advanced Micro Devices, Inc. All Rights Reserved.
---------------------------------------------------------------------------------------------------------------------------------------------
| Tool Version : Vivado v.2025.1 (lin64) Build 6140274 Wed May 21 22:58:25 MDT 2025
| Date         : Sun Jun 21 15:30:07 2026
| Host         : abid running 64-bit Ubuntu 24.04.4 LTS
| Command      : report_timing_summary -file /home/abid/Github/picorv32_learn/viv/res/report/timing_syn.rpt
| Design       : picorv32_soc
| Device       : 7a100t-csg324
| Speed File   : -1  PRODUCTION 1.23 2018-06-13
| Design State : Synthesized
---------------------------------------------------------------------------------------------------------------------------------------------

Timing Summary Report

------------------------------------------------------------------------------------------------
| Timer Settings
| --------------
------------------------------------------------------------------------------------------------

  Enable Multi Corner Analysis               :  Yes
  Enable Pessimism Removal                   :  Yes
  Pessimism Removal Resolution               :  Nearest Common Node
  Enable Input Delay Default Clock           :  No
  Enable Preset / Clear Arcs                 :  No
  Disable Flight Delays                      :  No
  Ignore I/O Paths                           :  No
  Timing Early Launch at Borrowing Latches   :  No
  Borrow Time for Max Delay Exceptions       :  Yes
  Merge Timing Exceptions                    :  Yes
  Inter-SLR Compensation                     :  Conservative

  Corner  Analyze    Analyze    
  Name    Max Paths  Min Paths  
  ------  ---------  ---------  
  Slow    Yes        Yes        
  Fast    Yes        Yes        


------------------------------------------------------------------------------------------------
| Report Methodology
| ------------------
------------------------------------------------------------------------------------------------

No report available as report_methodology has not been run prior. Run report_methodology on the current design for the summary of methodology violations.



check_timing report

Table of Contents
-----------------
1. checking no_clock (0)
2. checking constant_clock (0)
3. checking pulse_width_clock (0)
4. checking unconstrained_internal_endpoints (0)
5. checking no_input_delay (17)
6. checking no_output_delay (32)
7. checking multiple_clock (0)
8. checking generated_clocks (0)
9. checking loops (0)
10. checking partial_input_delay (0)
11. checking partial_output_delay (0)
12. checking latch_loops (0)

1. checking no_clock (0)
------------------------
 There are 0 register/latch pins with no clock.


2. checking constant_clock (0)
------------------------------
 There are 0 register/latch pins with constant_clock.


3. checking pulse_width_clock (0)
---------------------------------
 There are 0 register/latch pins which need pulse_width check


4. checking unconstrained_internal_endpoints (0)
------------------------------------------------
 There are 0 pins that are not constrained for maximum delay.

 There are 0 pins that are not constrained for maximum delay due to constant clock.


5. checking no_input_delay (17)
-------------------------------
 There are 17 input ports with no input delay specified. (HIGH)

 There are 0 input ports with no input delay but user has a false path constraint.


6. checking no_output_delay (32)
--------------------------------
 There are 32 ports with no output delay specified. (HIGH)

 There are 0 ports with no output delay but user has a false path constraint

 There are 0 ports with no output delay but with a timing clock defined on it or propagating through it


7. checking multiple_clock (0)
------------------------------
 There are 0 register/latch pins with multiple clocks.


8. checking generated_clocks (0)
--------------------------------
 There are 0 generated clocks that are not connected to a clock source.


9. checking loops (0)
---------------------
 There are 0 combinational loops in the design.


10. checking partial_input_delay (0)
------------------------------------
 There are 0 input ports with partial input delay specified.


11. checking partial_output_delay (0)
-------------------------------------
 There are 0 ports with partial output delay specified.


12. checking latch_loops (0)
----------------------------
 There are 0 combinational latch loops in the design through latch input



------------------------------------------------------------------------------------------------
| Design Timing Summary
| ---------------------
------------------------------------------------------------------------------------------------

    WNS(ns)      TNS(ns)  TNS Failing Endpoints  TNS Total Endpoints      WHS(ns)      THS(ns)  THS Failing Endpoints  THS Total Endpoints     WPWS(ns)     TPWS(ns)  TPWS Failing Endpoints  TPWS Total Endpoints  
    -------      -------  ---------------------  -------------------      -------      -------  ---------------------  -------------------     --------     --------  ----------------------  --------------------  
      1.381        0.000                      0                70700        0.132        0.000                      0                70700        4.500        0.000                       0                 34804  


All user specified timing constraints are met.


------------------------------------------------------------------------------------------------
| Clock Summary
| -------------
------------------------------------------------------------------------------------------------

Clock        Waveform(ns)       Period(ns)      Frequency(MHz)
-----        ------------       ----------      --------------
sys_clk_pin  {0.000 5.000}      10.000          100.000         


------------------------------------------------------------------------------------------------
| Intra Clock Table
| -----------------
------------------------------------------------------------------------------------------------

Clock             WNS(ns)      TNS(ns)  TNS Failing Endpoints  TNS Total Endpoints      WHS(ns)      THS(ns)  THS Failing Endpoints  THS Total Endpoints     WPWS(ns)     TPWS(ns)  TPWS Failing Endpoints  TPWS Total Endpoints  
-----             -------      -------  ---------------------  -------------------      -------      -------  ---------------------  -------------------     --------     --------  ----------------------  --------------------  
sys_clk_pin         1.381        0.000                      0                70700        0.132        0.000                      0                70700        4.500        0.000                       0                 34804  


------------------------------------------------------------------------------------------------
| Inter Clock Table
| -----------------
------------------------------------------------------------------------------------------------

From Clock    To Clock          WNS(ns)      TNS(ns)  TNS Failing Endpoints  TNS Total Endpoints      WHS(ns)      THS(ns)  THS Failing Endpoints  THS Total Endpoints  
----------    --------          -------      -------  ---------------------  -------------------      -------      -------  ---------------------  -------------------  


------------------------------------------------------------------------------------------------
| Other Path Groups Table
| -----------------------
------------------------------------------------------------------------------------------------

Path Group    From Clock    To Clock          WNS(ns)      TNS(ns)  TNS Failing Endpoints  TNS Total Endpoints      WHS(ns)      THS(ns)  THS Failing Endpoints  THS Total Endpoints  
----------    ----------    --------          -------      -------  ---------------------  -------------------      -------      -------  ---------------------  -------------------  


------------------------------------------------------------------------------------------------
| Timing Details
| --------------
------------------------------------------------------------------------------------------------


---------------------------------------------------------------------------------------------------
From Clock:  sys_clk_pin
  To Clock:  sys_clk_pin

Setup :            0  Failing Endpoints,  Worst Slack        1.381ns,  Total Violation        0.000ns
Hold  :            0  Failing Endpoints,  Worst Slack        0.132ns,  Total Violation        0.000ns
PW    :            0  Failing Endpoints,  Worst Slack        4.500ns,  Total Violation        0.000ns
---------------------------------------------------------------------------------------------------


Max Delay Paths
--------------------------------------------------------------------------------------
Slack (MET) :             1.381ns  (required time - arrival time)
  Source:                 ram/mem_reg[439][23]/C
                            (rising edge-triggered cell FDRE clocked by sys_clk_pin  {rise@0.000ns fall@5.000ns period=10.000ns})
  Destination:            cpu/picorv32_core/reg_out_reg[15]/D
                            (rising edge-triggered cell FDRE clocked by sys_clk_pin  {rise@0.000ns fall@5.000ns period=10.000ns})
  Path Group:             sys_clk_pin
  Path Type:              Setup (Max at Slow Process Corner)
  Requirement:            10.000ns  (sys_clk_pin rise@10.000ns - sys_clk_pin rise@0.000ns)
  Data Path Delay:        8.483ns  (logic 2.186ns (25.769%)  route 6.297ns (74.231%))
  Logic Levels:           10  (LUT4=1 LUT5=1 LUT6=7 MUXF7=1)
  Clock Path Skew:        -0.145ns (DCD - SCD + CPR)
    Destination Clock Delay (DCD):    2.704ns = ( 12.704 - 10.000 ) 
    Source Clock Delay      (SCD):    2.965ns
    Clock Pessimism Removal (CPR):    0.116ns
  Clock Uncertainty:      0.035ns  ((TSJ^2 + TIJ^2)^1/2 + DJ) / 2 + PE
    Total System Jitter     (TSJ):    0.071ns
    Total Input Jitter      (TIJ):    0.000ns
    Discrete Jitter          (DJ):    0.000ns
    Phase Error              (PE):    0.000ns

    Location             Delay type                Incr(ns)  Path(ns)    Netlist Resource(s)
  -------------------------------------------------------------------    -------------------
                         (clock sys_clk_pin rise edge)
                                                      0.000     0.000 r  
    E3                                                0.000     0.000 r  clk (IN)
                         net (fo=0)                   0.000     0.000    clk
    E3                   IBUF (Prop_ibuf_I_O)         1.482     1.482 r  clk_IBUF_inst/O
                         net (fo=1, unplaced)         0.803     2.285    clk_IBUF
                         BUFG (Prop_bufg_I_O)         0.096     2.381 r  clk_IBUF_BUFG_inst/O
                         net (fo=34803, unplaced)     0.584     2.965    ram/clk_IBUF_BUFG
                         FDRE                                         r  ram/mem_reg[439][23]/C
  -------------------------------------------------------------------    -------------------
                         FDRE (Prop_fdre_C_Q)         0.478     3.443 r  ram/mem_reg[439][23]/Q
                         net (fo=1, unplaced)         0.965     4.408    ram/mem_reg_n_0_[439][23]
                         LUT6 (Prop_lut6_I0_O)        0.295     4.703 r  ram/mem_rdata_q[23]_i_289/O
                         net (fo=1, unplaced)         0.000     4.703    ram/mem_rdata_q[23]_i_289_n_0
                         MUXF7 (Prop_muxf7_I1_O)      0.247     4.950 r  ram/mem_rdata_q_reg[23]_i_121/O
                         net (fo=1, unplaced)         0.735     5.685    ram/mem_rdata_q_reg[23]_i_121_n_0
                         LUT6 (Prop_lut6_I1_O)        0.298     5.983 r  ram/mem_rdata_q[23]_i_40/O
                         net (fo=1, unplaced)         0.732     6.715    ram/mem_rdata_q[23]_i_40_n_0
                         LUT5 (Prop_lut5_I0_O)        0.124     6.839 r  ram/mem_rdata_q[23]_i_13/O
                         net (fo=1, unplaced)         0.732     7.571    ram/mem_rdata_q[23]_i_13_n_0
                         LUT6 (Prop_lut6_I1_O)        0.124     7.695 r  ram/mem_rdata_q[23]_i_5/O
                         net (fo=1, unplaced)         0.665     8.360    ram/mem_rdata_q[23]_i_5_n_0
                         LUT6 (Prop_lut6_I3_O)        0.124     8.484 r  ram/mem_rdata_q[23]_i_2/O
                         net (fo=3, unplaced)         0.467     8.951    interconnect/s1_RDATA__0[0]
                         LUT4 (Prop_lut4_I3_O)        0.124     9.075 r  interconnect/mem_rdata_q[23]_i_1/O
                         net (fo=4, unplaced)         0.473     9.548    interconnect/m0_RDATA[7]
                         LUT6 (Prop_lut6_I5_O)        0.124     9.672 f  interconnect/reg_out[31]_i_11/O
                         net (fo=1, unplaced)         0.732    10.404    interconnect/reg_out[31]_i_11_n_0
                         LUT6 (Prop_lut6_I2_O)        0.124    10.528 f  interconnect/reg_out[31]_i_6/O
                         net (fo=24, unplaced)        0.796    11.324    cpu/picorv32_core/pcpi_mul/reg_out_reg[8]_1
                         LUT6 (Prop_lut6_I0_O)        0.124    11.448 r  cpu/picorv32_core/pcpi_mul/reg_out[15]_i_1/O
                         net (fo=1, unplaced)         0.000    11.448    cpu/picorv32_core/reg_out[15]
                         FDRE                                         r  cpu/picorv32_core/reg_out_reg[15]/D
  -------------------------------------------------------------------    -------------------

                         (clock sys_clk_pin rise edge)
                                                     10.000    10.000 r  
    E3                                                0.000    10.000 r  clk (IN)
                         net (fo=0)                   0.000    10.000    clk
    E3                   IBUF (Prop_ibuf_I_O)         1.411    11.411 r  clk_IBUF_inst/O
                         net (fo=1, unplaced)         0.763    12.174    clk_IBUF
                         BUFG (Prop_bufg_I_O)         0.091    12.265 r  clk_IBUF_BUFG_inst/O
                         net (fo=34803, unplaced)     0.439    12.704    cpu/picorv32_core/clk_IBUF_BUFG
                         FDRE                                         r  cpu/picorv32_core/reg_out_reg[15]/C
                         clock pessimism              0.116    12.820    
                         clock uncertainty           -0.035    12.784    
                         FDRE (Setup_fdre_C_D)        0.044    12.828    cpu/picorv32_core/reg_out_reg[15]
  -------------------------------------------------------------------
                         required time                         12.828    
                         arrival time                         -11.448    
  -------------------------------------------------------------------
                         slack                                  1.381    





Min Delay Paths
--------------------------------------------------------------------------------------
Slack (MET) :             0.132ns  (arrival time - required time)
  Source:                 cpu/picorv32_core/decoded_rd_reg[0]/C
                            (rising edge-triggered cell FDRE clocked by sys_clk_pin  {rise@0.000ns fall@5.000ns period=10.000ns})
  Destination:            cpu/picorv32_core/latched_rd_reg[0]/D
                            (rising edge-triggered cell FDRE clocked by sys_clk_pin  {rise@0.000ns fall@5.000ns period=10.000ns})
  Path Group:             sys_clk_pin
  Path Type:              Hold (Min at Fast Process Corner)
  Requirement:            0.000ns  (sys_clk_pin rise@0.000ns - sys_clk_pin rise@0.000ns)
  Data Path Delay:        0.376ns  (logic 0.245ns (65.144%)  route 0.131ns (34.856%))
  Logic Levels:           1  (LUT2=1)
  Clock Path Skew:        0.145ns (DCD - SCD - CPR)
    Destination Clock Delay (DCD):    1.082ns
    Source Clock Delay      (SCD):    0.728ns
    Clock Pessimism Removal (CPR):    0.209ns

    Location             Delay type                Incr(ns)  Path(ns)    Netlist Resource(s)
  -------------------------------------------------------------------    -------------------
                         (clock sys_clk_pin rise edge)
                                                      0.000     0.000 r  
    E3                                                0.000     0.000 r  clk (IN)
                         net (fo=0)                   0.000     0.000    clk
    E3                   IBUF (Prop_ibuf_I_O)         0.250     0.250 r  clk_IBUF_inst/O
                         net (fo=1, unplaced)         0.338     0.588    clk_IBUF
                         BUFG (Prop_bufg_I_O)         0.026     0.614 r  clk_IBUF_BUFG_inst/O
                         net (fo=34803, unplaced)     0.114     0.728    cpu/picorv32_core/clk_IBUF_BUFG
                         FDRE                                         r  cpu/picorv32_core/decoded_rd_reg[0]/C
  -------------------------------------------------------------------    -------------------
                         FDRE (Prop_fdre_C_Q)         0.147     0.875 r  cpu/picorv32_core/decoded_rd_reg[0]/Q
                         net (fo=1, unplaced)         0.131     1.006    cpu/picorv32_core/decoded_rd[0]
                         LUT2 (Prop_lut2_I1_O)        0.098     1.104 r  cpu/picorv32_core/latched_rd[0]_i_1/O
                         net (fo=1, unplaced)         0.000     1.104    cpu/picorv32_core/latched_rd[0]_i_1_n_0
                         FDRE                                         r  cpu/picorv32_core/latched_rd_reg[0]/D
  -------------------------------------------------------------------    -------------------

                         (clock sys_clk_pin rise edge)
                                                      0.000     0.000 r  
    E3                                                0.000     0.000 r  clk (IN)
                         net (fo=0)                   0.000     0.000    clk
    E3                   IBUF (Prop_ibuf_I_O)         0.438     0.438 r  clk_IBUF_inst/O
                         net (fo=1, unplaced)         0.356     0.794    clk_IBUF
                         BUFG (Prop_bufg_I_O)         0.029     0.823 r  clk_IBUF_BUFG_inst/O
                         net (fo=34803, unplaced)     0.259     1.082    cpu/picorv32_core/clk_IBUF_BUFG
                         FDRE                                         r  cpu/picorv32_core/latched_rd_reg[0]/C
                         clock pessimism             -0.209     0.873    
                         FDRE (Hold_fdre_C_D)         0.099     0.972    cpu/picorv32_core/latched_rd_reg[0]
  -------------------------------------------------------------------
                         required time                         -0.972    
                         arrival time                           1.104    
  -------------------------------------------------------------------
                         slack                                  0.132    





Pulse Width Checks
--------------------------------------------------------------------------------------
Clock Name:         sys_clk_pin
Waveform(ns):       { 0.000 5.000 }
Period(ns):         10.000
Sources:            { clk }

Check Type        Corner  Lib Pin      Reference Pin  Required(ns)  Actual(ns)  Slack(ns)  Location  Pin
Min Period        n/a     DSP48E1/CLK  n/a            3.884         10.000      6.116                cpu/picorv32_core/pcpi_mul/rd_reg/CLK
Low Pulse Width   Slow    FDRE/C       n/a            0.500         5.000       4.500                cpu/axi_adapter/ack_arvalid_reg/C
High Pulse Width  Slow    FDRE/C       n/a            0.500         5.000       4.500                cpu/axi_adapter/ack_arvalid_reg/C



