#-----------------------------------------------------------
# Vivado v2025.1 (64-bit)
# SW Build 6140274 on Thu May 22 00:12:29 MDT 2025
# IP Build 6138677 on Thu May 22 03:10:11 MDT 2025
# SharedData Build 6139179 on Tue May 20 17:58:58 MDT 2025
# Start of session at: Tue Jan 13 13:53:51 2026
# Process ID         : 2764
# Current directory  : D:/Abidul_Qohar/Github/picorv32_learn
# Command line       : vivado.exe -mode batch -source viv/tcl/flash.tcl -log viv/out/log/vivado.log -journal viv/out/log/vivado.jou
# Log file           : D:/Abidul_Qohar/Github/picorv32_learn/viv/out/log/vivado.log
# Journal file       : D:/Abidul_Qohar/Github/picorv32_learn\viv/out/log/vivado.jou
# Running On         : Abid
# Platform           : Windows Server 2016 or Windows 10
# Operating System   : 26200
# Processor Detail   : 11th Gen Intel(R) Core(TM) i5-1135G7 @ 2.40GHz
# CPU Frequency      : 2419 MHz
# CPU Physical cores : 4
# CPU Logical cores  : 8
# Host memory        : 8254 MB
# Swap memory        : 13880 MB
# Total Virtual      : 22134 MB
# Available Virtual  : 4457 MB
#-----------------------------------------------------------
source viv/tcl/flash.tcl
# source viv/tcl/set_variables.tcl
## set board_name "zynq7000"
## set fpga_part "xc7z020clg400-1"
## set project_name "picorv32"
## set top_level "picorv32_soc"
## set top_level_tb "tb_${top_level}.v"
## set dir_rtl "rtl"
## set dir_tb "tb"
## set dir_xdc "viv/xdc"
## set dir_out "viv/out"
## set dir_log "viv/out/log"
## set dir_report "viv/res/report"
## set dir_bitstream "viv/res"
## set dir_origin [file normalize "."]
## puts "INFO: dir_origin is  $dir_origin"
INFO: dir_origin is  D:/Abidul_Qohar/Github/picorv32_learn
## set filename_xdc "${board_name}_${project_name}.xdc"
## set filename_bitstream "${board_name}_${project_name}.bit"
# set path_file_bitstream $dir_origin/$dir_bitstream/$filename_bitstream
# puts "INFO: path_file_bitstream is  $path_file_bitstream"
INFO: path_file_bitstream is  D:/Abidul_Qohar/Github/picorv32_learn/viv/res/zynq7000_picorv32.bit
# open_hw_manager
open_hw_manager: Time (s): cpu = 00:00:38 ; elapsed = 00:00:25 . Memory (MB): peak = 497.289 ; gain = 212.957
# connect_hw_server
INFO: [Labtools 27-2285] Connecting to hw_server url TCP:localhost:3121
INFO: [Labtools 27-2222] Launching hw_server...
INFO: [Labtools 27-2221] Launch Output:

****** Xilinx hw_server v2025.1
  **** Build date : May  6 2025 at 09:15:36
    ** Copyright 1986-2022 Xilinx, Inc. All Rights Reserved.


INFO: [Labtools 27-3415] Connecting to cs_server url TCP:localhost:0
INFO: [Labtools 27-3417] Launching cs_server...
INFO: [Labtools 27-2221] Launch Output:


******** Xilinx cs_server v2025.1.0
  ****** Build date   : May 14 2025-02:15:27
    **** Build number : 2025.1.1747163727
      ** Copyright 2017-2022 Xilinx, Inc. All Rights Reserved.
      ** Copyright 2022-2026 Advanced Micro Devices, Inc. All Rights Reserved.



connect_hw_server: Time (s): cpu = 00:00:00 ; elapsed = 00:00:14 . Memory (MB): peak = 500.219 ; gain = 2.930
# current_hw_target
# open_hw_target
INFO: [Labtoolstcl 44-466] Opening hw_target localhost:3121/xilinx_tcf/Digilent/210241727074
# set_property PROGRAM.FILE $path_file_bitstream [current_hw_device]
# program_hw_devices [current_hw_device]
INFO: [Labtools 27-3164] End of startup status: HIGH
INFO: [Common 17-206] Exiting Vivado at Tue Jan 13 13:54:50 2026...
