#-----------------------------------------------------------
# Vivado v2025.1 (64-bit)
# SW Build 6140274 on Wed May 21 22:58:25 MDT 2025
# IP Build 6138677 on Thu May 22 03:10:11 MDT 2025
# SharedData Build 6139179 on Tue May 20 17:58:58 MDT 2025
# Start of session at: Sat May 23 22:35:36 2026
# Process ID         : 20624
# Current directory  : /home/abid/Github/picorv32_learn
# Command line       : vivado -mode batch -source viv/tcl/build.tcl -log viv/out/log/vivado.log -journal viv/out/log/vivado.jou
# Log file           : /home/abid/Github/picorv32_learn/viv/out/log/vivado.log
# Journal file       : /home/abid/Github/picorv32_learn/viv/out/log/vivado.jou
# Running On         : abid
# Platform           : Ubuntu
# Operating System   : Ubuntu 24.04.4 LTS
# Processor Detail   : 11th Gen Intel(R) Core(TM) i5-1135G7 @ 2.40GHz
# CPU Frequency      : 3553.433 MHz
# CPU Physical cores : 4
# CPU Logical cores  : 8
# Host memory        : 7994 MB
# Swap memory        : 4294 MB
# Total Virtual      : 12289 MB
# Available Virtual  : 7612 MB
#-----------------------------------------------------------
source viv/tcl/build.tcl
# source viv/tcl/set_variables.tcl
## set board_name "zynq7000"
## set fpga_part "xc7z020clg400-1"
## set project_name "picorv32"
## set top_level "picorv32_soc"
## set top_level_tb "tb_${top_level}.v"
## set dir_rtl "rtl"
## set dir_tb "tb"
## set dir_xdc "viv/xdc"
## set dir_out "viv/out"
## set dir_log "viv/out/log"
## set dir_report "viv/res/report"
## set dir_bitstream "viv/res"
## set dir_origin [file normalize "."]
## puts "INFO: dir_origin is  $dir_origin"
INFO: dir_origin is  /home/abid/Github/picorv32_learn
## set filename_xdc "${board_name}_${project_name}.xdc"
## set filename_bitstream "${board_name}_${project_name}.bit"
# set path_report $dir_origin/$dir_report
# set path_bitstream $dir_origin/$dir_bitstream
# set_part $fpga_part
INFO: [Coretcl 2-1500] The part has been set to 'xc7z020clg400-1' for the current project only. Run set_part -help for more details. To evaluate different speed grades in the current design, use the set_speed_grade command, or use the open_checkpoint -part command to change the part used by an existing checkpoint design.
# proc get_verilog_files {dir} {
#     set files {}
#     foreach f [glob -nocomplain -directory $dir *] {
#         if {[file isdirectory $f]} {
#             set files [concat $files [get_verilog_files $f]]
#         } elseif {[string match *.v $f]} {
#             lappend files $f
#         }
#     }
#     return $files
# }
# set all_verilog_files [get_verilog_files [file join $dir_origin $dir_rtl]]
# read_verilog $all_verilog_files
# read_xdc "$dir_origin/$dir_xdc/$filename_xdc"
# synth_design -top $top_level
Command: synth_design -top picorv32_soc
Starting synth_design
Using part: xc7z020clg400-1
Attempting to get a license for feature 'Synthesis' and/or device 'xc7z020'
INFO: [Common 17-349] Got license for feature 'Synthesis' and/or device 'xc7z020'
INFO: [Device 21-403] Loading part xc7z020clg400-1
INFO: [Synth 8-7079] Multithreading enabled for synth_design using a maximum of 7 processes.
INFO: [Synth 8-7078] Launching helper process for spawning children vivado processes
INFO: [Synth 8-7075] Helper process launched with PID 20771
---------------------------------------------------------------------------------
Starting RTL Elaboration : Time (s): cpu = 00:00:03 ; elapsed = 00:00:03 . Memory (MB): peak = 2134.129 ; gain = 440.828 ; free physical = 150 ; free virtual = 5922
---------------------------------------------------------------------------------
INFO: [Synth 8-6157] synthesizing module 'picorv32_soc' [/home/abid/Github/picorv32_learn/rtl/picorv32_soc.v:3]
INFO: [Synth 8-6157] synthesizing module 'picorv32_axi' [/home/abid/Github/picorv32_learn/rtl/picorv32/picorv32_axi.v:5]
	Parameter ENABLE_BITREV bound to: 1'b0 
	Parameter ENABLE_GCD bound to: 1'b0 
	Parameter ENABLE_FFT bound to: 1'b1 
	Parameter ENABLE_MUL bound to: 1'b0 
	Parameter ENABLE_FAST_MUL bound to: 1'b0 
	Parameter ENABLE_DIV bound to: 1'b1 
	Parameter STACKADDR bound to: 4096 - type: integer 
INFO: [Synth 8-6157] synthesizing module 'picorv32_axi_adapter' [/home/abid/Github/picorv32_learn/rtl/picorv32/picorv32_axi_adapter.v:5]
INFO: [Synth 8-6155] done synthesizing module 'picorv32_axi_adapter' (0#1) [/home/abid/Github/picorv32_learn/rtl/picorv32/picorv32_axi_adapter.v:5]
INFO: [Synth 8-6157] synthesizing module 'picorv32' [/home/abid/Github/picorv32_learn/rtl/picorv32/picorv32.v:62]
	Parameter ENABLE_COUNTERS bound to: 1'b1 
	Parameter ENABLE_COUNTERS64 bound to: 1'b1 
	Parameter ENABLE_REGS_16_31 bound to: 1'b1 
	Parameter ENABLE_REGS_DUALPORT bound to: 1'b1 
	Parameter TWO_STAGE_SHIFT bound to: 1'b1 
	Parameter BARREL_SHIFTER bound to: 1'b0 
	Parameter TWO_CYCLE_COMPARE bound to: 1'b0 
	Parameter TWO_CYCLE_ALU bound to: 1'b0 
	Parameter COMPRESSED_ISA bound to: 1'b0 
	Parameter CATCH_MISALIGN bound to: 1'b1 
	Parameter CATCH_ILLINSN bound to: 1'b1 
	Parameter ENABLE_PCPI bound to: 1'b0 
	Parameter ENABLE_BITREV bound to: 1'b0 
	Parameter ENABLE_GCD bound to: 1'b0 
	Parameter ENABLE_FFT bound to: 1'b1 
	Parameter ENABLE_MUL bound to: 1'b0 
	Parameter ENABLE_FAST_MUL bound to: 1'b0 
	Parameter ENABLE_DIV bound to: 1'b1 
	Parameter ENABLE_IRQ bound to: 1'b0 
	Parameter ENABLE_IRQ_QREGS bound to: 1'b1 
	Parameter ENABLE_IRQ_TIMER bound to: 1'b1 
	Parameter ENABLE_TRACE bound to: 1'b0 
	Parameter REGS_INIT_ZERO bound to: 1'b0 
	Parameter MASKED_IRQ bound to: 0 - type: integer 
	Parameter LATCHED_IRQ bound to: -1 - type: integer 
	Parameter PROGADDR_RESET bound to: 0 - type: integer 
	Parameter PROGADDR_IRQ bound to: 16 - type: integer 
	Parameter STACKADDR bound to: 4096 - type: integer 
INFO: [Synth 8-6157] synthesizing module 'picorv32_pcpi_div' [/home/abid/Github/picorv32_learn/rtl/picorv32/picorv32_pcpi_div.v:5]
INFO: [Synth 8-155] case statement is not full and has no default [/home/abid/Github/picorv32_learn/rtl/picorv32/picorv32_pcpi_div.v:30]
INFO: [Synth 8-6155] done synthesizing module 'picorv32_pcpi_div' (0#1) [/home/abid/Github/picorv32_learn/rtl/picorv32/picorv32_pcpi_div.v:5]
INFO: [Synth 8-6157] synthesizing module 'picorv32_pcpi_fft' [/home/abid/Github/picorv32_learn/rtl/picorv32/picorv32_pcpi_fft.v:10]
INFO: [Synth 8-6155] done synthesizing module 'picorv32_pcpi_fft' (0#1) [/home/abid/Github/picorv32_learn/rtl/picorv32/picorv32_pcpi_fft.v:10]
WARNING: [Synth 8-151] case item 1'b0 is unreachable [/home/abid/Github/picorv32_learn/rtl/picorv32/picorv32.v:411]
WARNING: [Synth 8-151] case item 1'b0 is unreachable [/home/abid/Github/picorv32_learn/rtl/picorv32/picorv32.v:411]
WARNING: [Synth 8-151] case item 1'b0 is unreachable [/home/abid/Github/picorv32_learn/rtl/picorv32/picorv32.v:411]
INFO: [Synth 8-155] case statement is not full and has no default [/home/abid/Github/picorv32_learn/rtl/picorv32/picorv32.v:411]
WARNING: [Synth 8-151] case item 1'b0 is unreachable [/home/abid/Github/picorv32_learn/rtl/picorv32/picorv32.v:1360]
WARNING: [Synth 8-151] case item 1'b0 is unreachable [/home/abid/Github/picorv32_learn/rtl/picorv32/picorv32.v:1406]
INFO: [Synth 8-155] case statement is not full and has no default [/home/abid/Github/picorv32_learn/rtl/picorv32/picorv32.v:1406]
WARNING: [Synth 8-151] case item 1'b0 is unreachable [/home/abid/Github/picorv32_learn/rtl/picorv32/picorv32.v:1589]
INFO: [Synth 8-155] case statement is not full and has no default [/home/abid/Github/picorv32_learn/rtl/picorv32/picorv32.v:1589]
WARNING: [Synth 8-151] case item 1'b0 is unreachable [/home/abid/Github/picorv32_learn/rtl/picorv32/picorv32.v:1675]
WARNING: [Synth 8-151] case item 1'b0 is unreachable [/home/abid/Github/picorv32_learn/rtl/picorv32/picorv32.v:1675]
WARNING: [Synth 8-151] case item 1'b0 is unreachable [/home/abid/Github/picorv32_learn/rtl/picorv32/picorv32.v:1675]
WARNING: [Synth 8-151] case item 1'b0 is unreachable [/home/abid/Github/picorv32_learn/rtl/picorv32/picorv32.v:1675]
WARNING: [Synth 8-151] case item 1'b0 is unreachable [/home/abid/Github/picorv32_learn/rtl/picorv32/picorv32.v:1675]
INFO: [Synth 8-6155] done synthesizing module 'picorv32' (0#1) [/home/abid/Github/picorv32_learn/rtl/picorv32/picorv32.v:62]
WARNING: [Synth 8-7071] port 'mem_la_read' of module 'picorv32' is unconnected for instance 'picorv32_core' [/home/abid/Github/picorv32_learn/rtl/picorv32/picorv32_axi.v:168]
WARNING: [Synth 8-7071] port 'mem_la_write' of module 'picorv32' is unconnected for instance 'picorv32_core' [/home/abid/Github/picorv32_learn/rtl/picorv32/picorv32_axi.v:168]
WARNING: [Synth 8-7071] port 'mem_la_addr' of module 'picorv32' is unconnected for instance 'picorv32_core' [/home/abid/Github/picorv32_learn/rtl/picorv32/picorv32_axi.v:168]
WARNING: [Synth 8-7071] port 'mem_la_wdata' of module 'picorv32' is unconnected for instance 'picorv32_core' [/home/abid/Github/picorv32_learn/rtl/picorv32/picorv32_axi.v:168]
WARNING: [Synth 8-7071] port 'mem_la_wstrb' of module 'picorv32' is unconnected for instance 'picorv32_core' [/home/abid/Github/picorv32_learn/rtl/picorv32/picorv32_axi.v:168]
WARNING: [Synth 8-7071] port 'pcpi_valid' of module 'picorv32' is unconnected for instance 'picorv32_core' [/home/abid/Github/picorv32_learn/rtl/picorv32/picorv32_axi.v:168]
WARNING: [Synth 8-7071] port 'pcpi_insn' of module 'picorv32' is unconnected for instance 'picorv32_core' [/home/abid/Github/picorv32_learn/rtl/picorv32/picorv32_axi.v:168]
WARNING: [Synth 8-7071] port 'pcpi_rs1' of module 'picorv32' is unconnected for instance 'picorv32_core' [/home/abid/Github/picorv32_learn/rtl/picorv32/picorv32_axi.v:168]
WARNING: [Synth 8-7071] port 'pcpi_rs2' of module 'picorv32' is unconnected for instance 'picorv32_core' [/home/abid/Github/picorv32_learn/rtl/picorv32/picorv32_axi.v:168]
WARNING: [Synth 8-7071] port 'pcpi_wr' of module 'picorv32' is unconnected for instance 'picorv32_core' [/home/abid/Github/picorv32_learn/rtl/picorv32/picorv32_axi.v:168]
WARNING: [Synth 8-7071] port 'pcpi_rd' of module 'picorv32' is unconnected for instance 'picorv32_core' [/home/abid/Github/picorv32_learn/rtl/picorv32/picorv32_axi.v:168]
WARNING: [Synth 8-7071] port 'pcpi_wait' of module 'picorv32' is unconnected for instance 'picorv32_core' [/home/abid/Github/picorv32_learn/rtl/picorv32/picorv32_axi.v:168]
WARNING: [Synth 8-7071] port 'pcpi_ready' of module 'picorv32' is unconnected for instance 'picorv32_core' [/home/abid/Github/picorv32_learn/rtl/picorv32/picorv32_axi.v:168]
WARNING: [Synth 8-7023] instance 'picorv32_core' of module 'picorv32' has 27 connections declared, but only 14 given [/home/abid/Github/picorv32_learn/rtl/picorv32/picorv32_axi.v:168]
INFO: [Synth 8-6155] done synthesizing module 'picorv32_axi' (0#1) [/home/abid/Github/picorv32_learn/rtl/picorv32/picorv32_axi.v:5]
WARNING: [Synth 8-7071] port 'mem_axi_awprot' of module 'picorv32_axi' is unconnected for instance 'cpu' [/home/abid/Github/picorv32_learn/rtl/picorv32_soc.v:104]
WARNING: [Synth 8-7071] port 'mem_axi_arprot' of module 'picorv32_axi' is unconnected for instance 'cpu' [/home/abid/Github/picorv32_learn/rtl/picorv32_soc.v:104]
WARNING: [Synth 8-7071] port 'irq' of module 'picorv32_axi' is unconnected for instance 'cpu' [/home/abid/Github/picorv32_learn/rtl/picorv32_soc.v:104]
WARNING: [Synth 8-7071] port 'eoi' of module 'picorv32_axi' is unconnected for instance 'cpu' [/home/abid/Github/picorv32_learn/rtl/picorv32_soc.v:104]
WARNING: [Synth 8-7071] port 'trace_valid' of module 'picorv32_axi' is unconnected for instance 'cpu' [/home/abid/Github/picorv32_learn/rtl/picorv32_soc.v:104]
WARNING: [Synth 8-7071] port 'trace_data' of module 'picorv32_axi' is unconnected for instance 'cpu' [/home/abid/Github/picorv32_learn/rtl/picorv32_soc.v:104]
WARNING: [Synth 8-7023] instance 'cpu' of module 'picorv32_axi' has 24 connections declared, but only 18 given [/home/abid/Github/picorv32_learn/rtl/picorv32_soc.v:104]
INFO: [Synth 8-6157] synthesizing module 'axi_rom' [/home/abid/Github/picorv32_learn/rtl/axi_rom.v:1]
INFO: [Synth 8-6155] done synthesizing module 'axi_rom' (0#1) [/home/abid/Github/picorv32_learn/rtl/axi_rom.v:1]
INFO: [Synth 8-6157] synthesizing module 'axi_ram' [/home/abid/Github/picorv32_learn/rtl/axi_ram.v:1]
INFO: [Synth 8-155] case statement is not full and has no default [/home/abid/Github/picorv32_learn/rtl/axi_ram.v:43]
INFO: [Synth 8-6155] done synthesizing module 'axi_ram' (0#1) [/home/abid/Github/picorv32_learn/rtl/axi_ram.v:1]
INFO: [Synth 8-6157] synthesizing module 'axi4_lite_interconnect_m1s3' [/home/abid/Github/picorv32_learn/rtl/axi4_lite_interconnect_m1s3.v:1]
	Parameter LOW_ADDR0 bound to: 0 - type: integer 
	Parameter HIGH_ADDR0 bound to: 65535 - type: integer 
	Parameter LOW_ADDR1 bound to: 268435456 - type: integer 
	Parameter HIGH_ADDR1 bound to: 268500991 - type: integer 
	Parameter LOW_ADDR2 bound to: 131072 - type: integer 
	Parameter HIGH_ADDR2 bound to: 196607 - type: integer 
INFO: [Synth 8-6155] done synthesizing module 'axi4_lite_interconnect_m1s3' (0#1) [/home/abid/Github/picorv32_learn/rtl/axi4_lite_interconnect_m1s3.v:1]
INFO: [Synth 8-6155] done synthesizing module 'picorv32_soc' (0#1) [/home/abid/Github/picorv32_learn/rtl/picorv32_soc.v:3]
WARNING: [Synth 8-6014] Unused sequential element pcpi_wr_reg was removed.  [/home/abid/Github/picorv32_learn/rtl/picorv32/picorv32_pcpi_div.v:51]
WARNING: [Synth 8-6014] Unused sequential element pcpi_ready_reg was removed.  [/home/abid/Github/picorv32_learn/rtl/picorv32/picorv32_pcpi_fft.v:102]
WARNING: [Synth 8-6014] Unused sequential element mem_la_firstword_reg_reg was removed.  [/home/abid/Github/picorv32_learn/rtl/picorv32/picorv32.v:484]
WARNING: [Synth 8-6014] Unused sequential element last_mem_valid_reg was removed.  [/home/abid/Github/picorv32_learn/rtl/picorv32/picorv32.v:485]
WARNING: [Synth 8-6014] Unused sequential element next_insn_opcode_reg was removed.  [/home/abid/Github/picorv32_learn/rtl/picorv32/picorv32.v:525]
WARNING: [Synth 8-6014] Unused sequential element mem_la_secondword_reg was removed.  [/home/abid/Github/picorv32_learn/rtl/picorv32/picorv32.v:663]
WARNING: [Synth 8-6014] Unused sequential element prefetched_high_word_reg was removed.  [/home/abid/Github/picorv32_learn/rtl/picorv32/picorv32.v:664]
WARNING: [Synth 8-6014] Unused sequential element q_ascii_instr_reg was removed.  [/home/abid/Github/picorv32_learn/rtl/picorv32/picorv32.v:871]
WARNING: [Synth 8-6014] Unused sequential element q_insn_imm_reg was removed.  [/home/abid/Github/picorv32_learn/rtl/picorv32/picorv32.v:872]
WARNING: [Synth 8-6014] Unused sequential element q_insn_opcode_reg was removed.  [/home/abid/Github/picorv32_learn/rtl/picorv32/picorv32.v:873]
WARNING: [Synth 8-6014] Unused sequential element q_insn_rs1_reg was removed.  [/home/abid/Github/picorv32_learn/rtl/picorv32/picorv32.v:874]
WARNING: [Synth 8-6014] Unused sequential element q_insn_rs2_reg was removed.  [/home/abid/Github/picorv32_learn/rtl/picorv32/picorv32.v:875]
WARNING: [Synth 8-6014] Unused sequential element q_insn_rd_reg was removed.  [/home/abid/Github/picorv32_learn/rtl/picorv32/picorv32.v:876]
WARNING: [Synth 8-6014] Unused sequential element dbg_next_reg was removed.  [/home/abid/Github/picorv32_learn/rtl/picorv32/picorv32.v:877]
WARNING: [Synth 8-6014] Unused sequential element dbg_valid_insn_reg was removed.  [/home/abid/Github/picorv32_learn/rtl/picorv32/picorv32.v:880]
WARNING: [Synth 8-6014] Unused sequential element cached_ascii_instr_reg was removed.  [/home/abid/Github/picorv32_learn/rtl/picorv32/picorv32.v:885]
WARNING: [Synth 8-6014] Unused sequential element cached_insn_imm_reg was removed.  [/home/abid/Github/picorv32_learn/rtl/picorv32/picorv32.v:886]
WARNING: [Synth 8-6014] Unused sequential element cached_insn_opcode_reg was removed.  [/home/abid/Github/picorv32_learn/rtl/picorv32/picorv32.v:888]
WARNING: [Synth 8-6014] Unused sequential element cached_insn_rs1_reg was removed.  [/home/abid/Github/picorv32_learn/rtl/picorv32/picorv32.v:891]
WARNING: [Synth 8-6014] Unused sequential element cached_insn_rs2_reg was removed.  [/home/abid/Github/picorv32_learn/rtl/picorv32/picorv32.v:892]
WARNING: [Synth 8-6014] Unused sequential element cached_insn_rd_reg was removed.  [/home/abid/Github/picorv32_learn/rtl/picorv32/picorv32.v:893]
WARNING: [Synth 8-6014] Unused sequential element dbg_insn_addr_reg was removed.  [/home/abid/Github/picorv32_learn/rtl/picorv32/picorv32.v:897]
WARNING: [Synth 8-6014] Unused sequential element clear_prefetched_high_word_q_reg was removed.  [/home/abid/Github/picorv32_learn/rtl/picorv32/picorv32.v:1385]
WARNING: [Synth 8-6014] Unused sequential element set_mem_do_rinst_reg was removed.  [/home/abid/Github/picorv32_learn/rtl/picorv32/picorv32.v:1498]
WARNING: [Synth 8-6014] Unused sequential element set_mem_do_rdata_reg was removed.  [/home/abid/Github/picorv32_learn/rtl/picorv32/picorv32.v:1499]
WARNING: [Synth 8-6014] Unused sequential element set_mem_do_wdata_reg was removed.  [/home/abid/Github/picorv32_learn/rtl/picorv32/picorv32.v:1500]
WARNING: [Synth 8-6014] Unused sequential element alu_out_0_q_reg was removed.  [/home/abid/Github/picorv32_learn/rtl/picorv32/picorv32.v:1502]
WARNING: [Synth 8-6014] Unused sequential element alu_wait_reg was removed.  [/home/abid/Github/picorv32_learn/rtl/picorv32/picorv32.v:1505]
WARNING: [Synth 8-6014] Unused sequential element alu_wait_2_reg was removed.  [/home/abid/Github/picorv32_learn/rtl/picorv32/picorv32.v:1506]
WARNING: [Synth 8-6014] Unused sequential element dbg_rs1val_reg was removed.  [/home/abid/Github/picorv32_learn/rtl/picorv32/picorv32.v:1509]
WARNING: [Synth 8-6014] Unused sequential element dbg_rs2val_reg was removed.  [/home/abid/Github/picorv32_learn/rtl/picorv32/picorv32.v:1510]
WARNING: [Synth 8-6014] Unused sequential element dbg_rs1val_valid_reg was removed.  [/home/abid/Github/picorv32_learn/rtl/picorv32/picorv32.v:1511]
WARNING: [Synth 8-6014] Unused sequential element dbg_rs2val_valid_reg was removed.  [/home/abid/Github/picorv32_learn/rtl/picorv32/picorv32.v:1512]
WARNING: [Synth 8-6014] Unused sequential element next_irq_pending_reg was removed.  [/home/abid/Github/picorv32_learn/rtl/picorv32/picorv32.v:1532]
WARNING: [Synth 8-6014] Unused sequential element decoder_trigger_q_reg was removed.  [/home/abid/Github/picorv32_learn/rtl/picorv32/picorv32.v:1539]
WARNING: [Synth 8-6014] Unused sequential element decoder_pseudo_trigger_q_reg was removed.  [/home/abid/Github/picorv32_learn/rtl/picorv32/picorv32.v:1541]
WARNING: [Synth 8-6014] Unused sequential element latched_trace_reg was removed.  [/home/abid/Github/picorv32_learn/rtl/picorv32/picorv32.v:1557]
WARNING: [Synth 8-6014] Unused sequential element irq_active_reg was removed.  [/home/abid/Github/picorv32_learn/rtl/picorv32/picorv32.v:1563]
WARNING: [Synth 8-6014] Unused sequential element irq_delay_reg was removed.  [/home/abid/Github/picorv32_learn/rtl/picorv32/picorv32.v:1564]
WARNING: [Synth 8-6014] Unused sequential element irq_mask_reg was removed.  [/home/abid/Github/picorv32_learn/rtl/picorv32/picorv32.v:1565]
WARNING: [Synth 8-6014] Unused sequential element irq_state_reg was removed.  [/home/abid/Github/picorv32_learn/rtl/picorv32/picorv32.v:1567]
WARNING: [Synth 8-6014] Unused sequential element timer_reg was removed.  [/home/abid/Github/picorv32_learn/rtl/picorv32/picorv32.v:1569]
WARNING: [Synth 8-6014] Unused sequential element current_pc_reg was removed.  [/home/abid/Github/picorv32_learn/rtl/picorv32/picorv32.v:1587]
WARNING: [Synth 8-6014] Unused sequential element irq_pending_reg was removed.  [/home/abid/Github/picorv32_learn/rtl/picorv32/picorv32.v:2055]
WARNING: [Synth 8-6014] Unused sequential element trace_valid_reg was removed.  [/home/abid/Github/picorv32_learn/rtl/picorv32/picorv32.v:1544]
WARNING: [Synth 8-6014] Unused sequential element wr_addr_reg was removed.  [/home/abid/Github/picorv32_learn/rtl/axi_ram.v:46]
WARNING: [Synth 8-6014] Unused sequential element wr_strb_reg was removed.  [/home/abid/Github/picorv32_learn/rtl/axi_ram.v:47]
WARNING: [Synth 8-3848] Net LED in module/entity picorv32_soc does not have driver. [/home/abid/Github/picorv32_learn/rtl/picorv32_soc.v:8]
WARNING: [Synth 8-3848] Net s0_AWREADY in module/entity picorv32_soc does not have driver. [/home/abid/Github/picorv32_learn/rtl/picorv32_soc.v:41]
WARNING: [Synth 8-3848] Net s0_WREADY in module/entity picorv32_soc does not have driver. [/home/abid/Github/picorv32_learn/rtl/picorv32_soc.v:44]
WARNING: [Synth 8-3848] Net s0_BVALID in module/entity picorv32_soc does not have driver. [/home/abid/Github/picorv32_learn/rtl/picorv32_soc.v:48]
WARNING: [Synth 8-3848] Net s0_BRESP in module/entity picorv32_soc does not have driver. [/home/abid/Github/picorv32_learn/rtl/picorv32_soc.v:49]
WARNING: [Synth 8-3848] Net s0_RRESP in module/entity picorv32_soc does not have driver. [/home/abid/Github/picorv32_learn/rtl/picorv32_soc.v:55]
WARNING: [Synth 8-3848] Net s1_BRESP in module/entity picorv32_soc does not have driver. [/home/abid/Github/picorv32_learn/rtl/picorv32_soc.v:68]
WARNING: [Synth 8-3848] Net s1_RRESP in module/entity picorv32_soc does not have driver. [/home/abid/Github/picorv32_learn/rtl/picorv32_soc.v:74]
WARNING: [Synth 8-3848] Net s2_BRESP in module/entity picorv32_soc does not have driver. [/home/abid/Github/picorv32_learn/rtl/picorv32_soc.v:86]
WARNING: [Synth 8-3848] Net s2_RRESP in module/entity picorv32_soc does not have driver. [/home/abid/Github/picorv32_learn/rtl/picorv32_soc.v:92]
WARNING: [Synth 8-7129] Port axi_awaddr[31] in module axi_ram is either unconnected or has no load
WARNING: [Synth 8-7129] Port axi_awaddr[30] in module axi_ram is either unconnected or has no load
WARNING: [Synth 8-7129] Port axi_awaddr[29] in module axi_ram is either unconnected or has no load
WARNING: [Synth 8-7129] Port axi_awaddr[28] in module axi_ram is either unconnected or has no load
WARNING: [Synth 8-7129] Port axi_awaddr[27] in module axi_ram is either unconnected or has no load
WARNING: [Synth 8-7129] Port axi_awaddr[26] in module axi_ram is either unconnected or has no load
WARNING: [Synth 8-7129] Port axi_awaddr[25] in module axi_ram is either unconnected or has no load
WARNING: [Synth 8-7129] Port axi_awaddr[24] in module axi_ram is either unconnected or has no load
WARNING: [Synth 8-7129] Port axi_awaddr[23] in module axi_ram is either unconnected or has no load
WARNING: [Synth 8-7129] Port axi_awaddr[22] in module axi_ram is either unconnected or has no load
WARNING: [Synth 8-7129] Port axi_awaddr[21] in module axi_ram is either unconnected or has no load
WARNING: [Synth 8-7129] Port axi_awaddr[20] in module axi_ram is either unconnected or has no load
WARNING: [Synth 8-7129] Port axi_awaddr[19] in module axi_ram is either unconnected or has no load
WARNING: [Synth 8-7129] Port axi_awaddr[18] in module axi_ram is either unconnected or has no load
WARNING: [Synth 8-7129] Port axi_awaddr[17] in module axi_ram is either unconnected or has no load
WARNING: [Synth 8-7129] Port axi_awaddr[16] in module axi_ram is either unconnected or has no load
WARNING: [Synth 8-7129] Port axi_awaddr[15] in module axi_ram is either unconnected or has no load
WARNING: [Synth 8-7129] Port axi_awaddr[14] in module axi_ram is either unconnected or has no load
WARNING: [Synth 8-7129] Port axi_awaddr[1] in module axi_ram is either unconnected or has no load
WARNING: [Synth 8-7129] Port axi_awaddr[0] in module axi_ram is either unconnected or has no load
WARNING: [Synth 8-7129] Port axi_araddr[31] in module axi_ram is either unconnected or has no load
WARNING: [Synth 8-7129] Port axi_araddr[30] in module axi_ram is either unconnected or has no load
WARNING: [Synth 8-7129] Port axi_araddr[29] in module axi_ram is either unconnected or has no load
WARNING: [Synth 8-7129] Port axi_araddr[28] in module axi_ram is either unconnected or has no load
WARNING: [Synth 8-7129] Port axi_araddr[27] in module axi_ram is either unconnected or has no load
WARNING: [Synth 8-7129] Port axi_araddr[26] in module axi_ram is either unconnected or has no load
WARNING: [Synth 8-7129] Port axi_araddr[25] in module axi_ram is either unconnected or has no load
WARNING: [Synth 8-7129] Port axi_araddr[24] in module axi_ram is either unconnected or has no load
WARNING: [Synth 8-7129] Port axi_araddr[23] in module axi_ram is either unconnected or has no load
WARNING: [Synth 8-7129] Port axi_araddr[22] in module axi_ram is either unconnected or has no load
WARNING: [Synth 8-7129] Port axi_araddr[21] in module axi_ram is either unconnected or has no load
WARNING: [Synth 8-7129] Port axi_araddr[20] in module axi_ram is either unconnected or has no load
WARNING: [Synth 8-7129] Port axi_araddr[19] in module axi_ram is either unconnected or has no load
WARNING: [Synth 8-7129] Port axi_araddr[18] in module axi_ram is either unconnected or has no load
WARNING: [Synth 8-7129] Port axi_araddr[17] in module axi_ram is either unconnected or has no load
WARNING: [Synth 8-7129] Port axi_araddr[16] in module axi_ram is either unconnected or has no load
WARNING: [Synth 8-7129] Port axi_araddr[15] in module axi_ram is either unconnected or has no load
WARNING: [Synth 8-7129] Port axi_araddr[14] in module axi_ram is either unconnected or has no load
WARNING: [Synth 8-7129] Port axi_araddr[1] in module axi_ram is either unconnected or has no load
WARNING: [Synth 8-7129] Port axi_araddr[0] in module axi_ram is either unconnected or has no load
WARNING: [Synth 8-7129] Port axi_araddr[31] in module axi_rom is either unconnected or has no load
WARNING: [Synth 8-7129] Port axi_araddr[30] in module axi_rom is either unconnected or has no load
WARNING: [Synth 8-7129] Port axi_araddr[29] in module axi_rom is either unconnected or has no load
WARNING: [Synth 8-7129] Port axi_araddr[28] in module axi_rom is either unconnected or has no load
WARNING: [Synth 8-7129] Port axi_araddr[27] in module axi_rom is either unconnected or has no load
WARNING: [Synth 8-7129] Port axi_araddr[26] in module axi_rom is either unconnected or has no load
WARNING: [Synth 8-7129] Port axi_araddr[25] in module axi_rom is either unconnected or has no load
WARNING: [Synth 8-7129] Port axi_araddr[24] in module axi_rom is either unconnected or has no load
WARNING: [Synth 8-7129] Port axi_araddr[23] in module axi_rom is either unconnected or has no load
WARNING: [Synth 8-7129] Port axi_araddr[22] in module axi_rom is either unconnected or has no load
WARNING: [Synth 8-7129] Port axi_araddr[21] in module axi_rom is either unconnected or has no load
WARNING: [Synth 8-7129] Port axi_araddr[20] in module axi_rom is either unconnected or has no load
WARNING: [Synth 8-7129] Port axi_araddr[19] in module axi_rom is either unconnected or has no load
WARNING: [Synth 8-7129] Port axi_araddr[18] in module axi_rom is either unconnected or has no load
WARNING: [Synth 8-7129] Port axi_araddr[17] in module axi_rom is either unconnected or has no load
WARNING: [Synth 8-7129] Port axi_araddr[16] in module axi_rom is either unconnected or has no load
WARNING: [Synth 8-7129] Port axi_araddr[15] in module axi_rom is either unconnected or has no load
WARNING: [Synth 8-7129] Port axi_araddr[14] in module axi_rom is either unconnected or has no load
WARNING: [Synth 8-7129] Port axi_araddr[1] in module axi_rom is either unconnected or has no load
WARNING: [Synth 8-7129] Port axi_araddr[0] in module axi_rom is either unconnected or has no load
WARNING: [Synth 8-7129] Port pcpi_insn[31] in module picorv32_pcpi_fft is either unconnected or has no load
WARNING: [Synth 8-7129] Port pcpi_insn[30] in module picorv32_pcpi_fft is either unconnected or has no load
WARNING: [Synth 8-7129] Port pcpi_insn[29] in module picorv32_pcpi_fft is either unconnected or has no load
WARNING: [Synth 8-7129] Port pcpi_insn[28] in module picorv32_pcpi_fft is either unconnected or has no load
WARNING: [Synth 8-7129] Port pcpi_insn[27] in module picorv32_pcpi_fft is either unconnected or has no load
WARNING: [Synth 8-7129] Port pcpi_insn[26] in module picorv32_pcpi_fft is either unconnected or has no load
WARNING: [Synth 8-7129] Port pcpi_insn[25] in module picorv32_pcpi_fft is either unconnected or has no load
WARNING: [Synth 8-7129] Port pcpi_insn[24] in module picorv32_pcpi_fft is either unconnected or has no load
WARNING: [Synth 8-7129] Port pcpi_insn[23] in module picorv32_pcpi_fft is either unconnected or has no load
WARNING: [Synth 8-7129] Port pcpi_insn[22] in module picorv32_pcpi_fft is either unconnected or has no load
WARNING: [Synth 8-7129] Port pcpi_insn[21] in module picorv32_pcpi_fft is either unconnected or has no load
WARNING: [Synth 8-7129] Port pcpi_insn[20] in module picorv32_pcpi_fft is either unconnected or has no load
WARNING: [Synth 8-7129] Port pcpi_insn[19] in module picorv32_pcpi_fft is either unconnected or has no load
WARNING: [Synth 8-7129] Port pcpi_insn[18] in module picorv32_pcpi_fft is either unconnected or has no load
WARNING: [Synth 8-7129] Port pcpi_insn[17] in module picorv32_pcpi_fft is either unconnected or has no load
WARNING: [Synth 8-7129] Port pcpi_insn[16] in module picorv32_pcpi_fft is either unconnected or has no load
WARNING: [Synth 8-7129] Port pcpi_insn[15] in module picorv32_pcpi_fft is either unconnected or has no load
WARNING: [Synth 8-7129] Port pcpi_insn[11] in module picorv32_pcpi_fft is either unconnected or has no load
WARNING: [Synth 8-7129] Port pcpi_insn[10] in module picorv32_pcpi_fft is either unconnected or has no load
WARNING: [Synth 8-7129] Port pcpi_insn[9] in module picorv32_pcpi_fft is either unconnected or has no load
WARNING: [Synth 8-7129] Port pcpi_insn[8] in module picorv32_pcpi_fft is either unconnected or has no load
WARNING: [Synth 8-7129] Port pcpi_insn[7] in module picorv32_pcpi_fft is either unconnected or has no load
WARNING: [Synth 8-7129] Port pcpi_insn[24] in module picorv32_pcpi_div is either unconnected or has no load
WARNING: [Synth 8-7129] Port pcpi_insn[23] in module picorv32_pcpi_div is either unconnected or has no load
WARNING: [Synth 8-7129] Port pcpi_insn[22] in module picorv32_pcpi_div is either unconnected or has no load
WARNING: [Synth 8-7129] Port pcpi_insn[21] in module picorv32_pcpi_div is either unconnected or has no load
WARNING: [Synth 8-7129] Port pcpi_insn[20] in module picorv32_pcpi_div is either unconnected or has no load
WARNING: [Synth 8-7129] Port pcpi_insn[19] in module picorv32_pcpi_div is either unconnected or has no load
WARNING: [Synth 8-7129] Port pcpi_insn[18] in module picorv32_pcpi_div is either unconnected or has no load
WARNING: [Synth 8-7129] Port pcpi_insn[17] in module picorv32_pcpi_div is either unconnected or has no load
WARNING: [Synth 8-7129] Port pcpi_insn[16] in module picorv32_pcpi_div is either unconnected or has no load
WARNING: [Synth 8-7129] Port pcpi_insn[15] in module picorv32_pcpi_div is either unconnected or has no load
WARNING: [Synth 8-7129] Port pcpi_insn[11] in module picorv32_pcpi_div is either unconnected or has no load
WARNING: [Synth 8-7129] Port pcpi_insn[10] in module picorv32_pcpi_div is either unconnected or has no load
WARNING: [Synth 8-7129] Port pcpi_insn[9] in module picorv32_pcpi_div is either unconnected or has no load
WARNING: [Synth 8-7129] Port pcpi_insn[8] in module picorv32_pcpi_div is either unconnected or has no load
WARNING: [Synth 8-7129] Port pcpi_insn[7] in module picorv32_pcpi_div is either unconnected or has no load
WARNING: [Synth 8-7129] Port pcpi_wr in module picorv32 is either unconnected or has no load
WARNING: [Synth 8-7129] Port pcpi_rd[31] in module picorv32 is either unconnected or has no load
WARNING: [Synth 8-7129] Port pcpi_rd[30] in module picorv32 is either unconnected or has no load
INFO: [Common 17-14] Message 'Synth 8-7129' appears 100 times and further instances of the messages will be disabled. Use the Tcl command set_msg_config to change the current settings.
---------------------------------------------------------------------------------
Finished RTL Elaboration : Time (s): cpu = 00:00:09 ; elapsed = 00:00:10 . Memory (MB): peak = 2654.238 ; gain = 960.938 ; free physical = 243 ; free virtual = 5621
---------------------------------------------------------------------------------
---------------------------------------------------------------------------------
Start Handling Custom Attributes
---------------------------------------------------------------------------------
---------------------------------------------------------------------------------
Finished Handling Custom Attributes : Time (s): cpu = 00:00:10 ; elapsed = 00:00:11 . Memory (MB): peak = 2654.238 ; gain = 960.938 ; free physical = 242 ; free virtual = 5619
---------------------------------------------------------------------------------
---------------------------------------------------------------------------------
Finished RTL Optimization Phase 1 : Time (s): cpu = 00:00:10 ; elapsed = 00:00:11 . Memory (MB): peak = 2654.238 ; gain = 960.938 ; free physical = 242 ; free virtual = 5619
---------------------------------------------------------------------------------
Netlist sorting complete. Time (s): cpu = 00:00:02 ; elapsed = 00:00:02 . Memory (MB): peak = 2654.238 ; gain = 0.000 ; free physical = 251 ; free virtual = 5629
INFO: [Project 1-570] Preparing netlist for logic optimization

Processing XDC Constraints
Initializing timing engine
Parsing XDC File [/home/abid/Github/picorv32_learn/viv/xdc/zynq7000_picorv32.xdc]
CRITICAL WARNING: [Netlist 29-177] Cannot set property 'BITSTREAM.CONFIG.CONFIGRATE' because the property does not exist. [/home/abid/Github/picorv32_learn/viv/xdc/zynq7000_picorv32.xdc:17]
Resolution: Create this property using create_property command before setting it.
CRITICAL WARNING: [Netlist 29-154] Cannot set property 'CONFIG_MODE' because incorrect value 'SPIx4' specified. Expecting type 'enum' with possible values of 'B_SCAN'. [/home/abid/Github/picorv32_learn/viv/xdc/zynq7000_picorv32.xdc:18]
Resolution: Please check the value of the property and set to a correct value.
Finished Parsing XDC File [/home/abid/Github/picorv32_learn/viv/xdc/zynq7000_picorv32.xdc]
INFO: [Project 1-236] Implementation specific constraints were found while reading constraint file [/home/abid/Github/picorv32_learn/viv/xdc/zynq7000_picorv32.xdc]. These constraints will be ignored for synthesis but will be used in implementation. Impacted constraints are listed in the file [.Xil/picorv32_soc_propImpl.xdc].
Resolution: To avoid this warning, move constraints listed in [.Xil/picorv32_soc_propImpl.xdc] to another XDC file and exclude this new file from synthesis with the used_in_synthesis property (File Properties dialog in GUI) and re-run elaboration/synthesis.
Completed Processing XDC Constraints

Netlist sorting complete. Time (s): cpu = 00:00:00.02 ; elapsed = 00:00:00.02 . Memory (MB): peak = 2887.977 ; gain = 0.000 ; free physical = 226 ; free virtual = 5499
INFO: [Project 1-111] Unisim Transformation Summary:
No Unisim elements were transformed.

Constraint Validation Runtime : Time (s): cpu = 00:00:00.28 ; elapsed = 00:00:00.28 . Memory (MB): peak = 2899.898 ; gain = 0.000 ; free physical = 237 ; free virtual = 5512
---------------------------------------------------------------------------------
Finished Constraint Validation : Time (s): cpu = 00:00:42 ; elapsed = 00:00:35 . Memory (MB): peak = 2899.898 ; gain = 1206.598 ; free physical = 208 ; free virtual = 3848
---------------------------------------------------------------------------------
---------------------------------------------------------------------------------
Start Loading Part and Timing Information
---------------------------------------------------------------------------------
Loading part: xc7z020clg400-1
---------------------------------------------------------------------------------
Finished Loading Part and Timing Information : Time (s): cpu = 00:00:42 ; elapsed = 00:00:35 . Memory (MB): peak = 2907.902 ; gain = 1214.602 ; free physical = 208 ; free virtual = 3848
---------------------------------------------------------------------------------
---------------------------------------------------------------------------------
Start Applying 'set_property' XDC Constraints
---------------------------------------------------------------------------------
---------------------------------------------------------------------------------
Finished applying 'set_property' XDC Constraints : Time (s): cpu = 00:00:42 ; elapsed = 00:00:35 . Memory (MB): peak = 2907.902 ; gain = 1214.602 ; free physical = 201 ; free virtual = 3841
---------------------------------------------------------------------------------
INFO: [Synth 8-802] inferred FSM for state register 'mem_state_reg' in module 'picorv32'
WARNING: [Synth 8-3936] Found unconnected internal register 'rd_addr_reg' and it is trimmed from '12' to '10' bits. [/home/abid/Github/picorv32_learn/rtl/axi_ram.v:54]
INFO: [Synth 8-802] inferred FSM for state register 'state_reg' in module 'axi_ram'
