
There are no discarded input sections

Memory Configuration

Name             Origin             Length             Attributes
ROM              0x00000000         0x01000000         xrw
RAM              0x10000000         0x00000400         xrw
*default*        0x00000000         0xffffffff

Linker script and memory map


.text           0x00000000      0x230
 *(.init)
 .init          0x00000000       0x8c boot.o
                0x00000000                start
 *(.fini)
 *(.text)
 .text          0x0000008c        0x0 boot.o
 .text          0x0000008c       0x98 ram_init.o
                0x0000008c                ram_init
 .text          0x00000124      0x108 main.o
                0x00000124                software_bitrev
                0x000001a0                hardware_bitrev
                0x000001d8                main
 *(.text.*)
 *(.rodata)
 *(.rodata.*)
                0x00000230                        . = ALIGN (0x8)
 *fill*         0x0000022c        0x4 
                0x00000230                        _etext = .
                0x00000230                        _la_data = LOADADDR (.data)

.rela.dyn       0x00000230        0x0
 .rela.init     0x00000230        0x0 boot.o
 .rela.text     0x00000230        0x0 boot.o

.data           0x10000000        0x0 load address 0x00000230
                0x10000000                        _sdata = .
 *(.data)
 .data          0x10000000        0x0 boot.o
 .data          0x10000000        0x0 ram_init.o
 .data          0x10000000        0x0 main.o
 *(.data.*)

.sdata          0x10000000        0x0 load address 0x00000230
 *(.sdata*)
                0x10000800                        //__global_pointer$ = (. + 0x800)
                0x10000000                        _edata = .

.bss            0x10000000        0x0 load address 0x00000230
                0x10000000                        _sbss = .
 *(.bss)
 .bss           0x10000000        0x0 boot.o
 .bss           0x10000000        0x0 ram_init.o
 .bss           0x10000000        0x0 main.o
 *(.bss.*)
 *(COMMON)
                0x10000000                        . = ALIGN (0x8)
                0x10000000                        _ebss = .

.sbss           0x00000230        0x0
                0x00000230                        _sbss_start = .
 *(.sbss*)
 *(.sbss.*)
                0x00000230                        . = ALIGN (0x8)
                0x00000230                        _sbss_end = .
                0x00000230                        . = ALIGN (0x8)
                0x00000230                        _end = .
                0x00000080                        _stack_size = 0x80
                0x10000400                        _stack_top = (ORIGIN (RAM) + LENGTH (RAM))
                0x10000380                        _stack_bottom = (_stack_top - _stack_size)
                0x00000001                        ASSERT ((_end <= _stack_bottom), Error: Heap collides with stack)
LOAD boot.o
LOAD ram_init.o
LOAD main.o
LOAD /home/bid/riscv-toolchain/riscv-none-elf-gcc/14.2.0-3.1/.content/bin/../lib/gcc/riscv-none-elf/14.2.0/rv32im/ilp32/libgcc.a
START GROUP
LOAD /home/bid/riscv-toolchain/riscv-none-elf-gcc/14.2.0-3.1/.content/bin/../lib/gcc/riscv-none-elf/14.2.0/../../../../riscv-none-elf/lib/rv32im/ilp32/libc.a
END GROUP
LOAD /home/bid/riscv-toolchain/riscv-none-elf-gcc/14.2.0-3.1/.content/bin/../lib/gcc/riscv-none-elf/14.2.0/rv32im/ilp32/libgcc.a
START GROUP
LOAD /home/bid/riscv-toolchain/riscv-none-elf-gcc/14.2.0-3.1/.content/bin/../lib/gcc/riscv-none-elf/14.2.0/rv32im/ilp32/libgcc.a
LOAD /home/bid/riscv-toolchain/riscv-none-elf-gcc/14.2.0-3.1/.content/bin/../lib/gcc/riscv-none-elf/14.2.0/../../../../riscv-none-elf/lib/rv32im/ilp32/libc.a
LOAD /home/bid/riscv-toolchain/riscv-none-elf-gcc/14.2.0-3.1/.content/bin/../lib/gcc/riscv-none-elf/14.2.0/../../../../riscv-none-elf/lib/rv32im/ilp32/libnosys.a
END GROUP
OUTPUT(program.elf elf32-littleriscv)

.riscv.attributes
                0x00000000       0x37
 .riscv.attributes
                0x00000000       0x31 boot.o
 .riscv.attributes
                0x00000031       0x33 ram_init.o
 .riscv.attributes
                0x00000064       0x37 main.o

.comment        0x00000000       0x33
 .comment       0x00000000       0x33 ram_init.o
                                 0x34 (size before relaxing)
 .comment       0x00000033       0x34 main.o

.note.GNU-stack
                0x00000000        0x0
 .note.GNU-stack
                0x00000000        0x0 ram_init.o
 .note.GNU-stack
                0x00000000        0x0 main.o

.debug_line     0x00000000      0x2fc
 .debug_line    0x00000000      0x10a boot.o
 .debug_line    0x0000010a       0xcc ram_init.o
 .debug_line    0x000001d6      0x126 main.o

.debug_line_str
                0x00000000      0x120
 .debug_line_str
                0x00000000      0x120 boot.o
                                 0x37 (size before relaxing)
 .debug_line_str
                0x00000120      0x158 ram_init.o
 .debug_line_str
                0x00000120      0x14c main.o

.debug_info     0x00000000      0x27b
 .debug_info    0x00000000       0x25 boot.o
 .debug_info    0x00000025      0x106 ram_init.o
 .debug_info    0x0000012b      0x150 main.o

.debug_abbrev   0x00000000      0x178
 .debug_abbrev  0x00000000       0x14 boot.o
 .debug_abbrev  0x00000014       0x83 ram_init.o
 .debug_abbrev  0x00000097       0xe1 main.o

.debug_aranges  0x00000000       0x60
 .debug_aranges
                0x00000000       0x20 boot.o
 .debug_aranges
                0x00000020       0x20 ram_init.o
 .debug_aranges
                0x00000040       0x20 main.o

.debug_str      0x00000000      0x177
 .debug_str     0x00000000      0x177 boot.o
                                 0x45 (size before relaxing)
 .debug_str     0x00000177      0x124 ram_init.o
 .debug_str     0x00000177      0x135 main.o

.debug_frame    0x00000000       0xc0
 .debug_frame   0x00000000       0x38 ram_init.o
 .debug_frame   0x00000038       0x88 main.o
