
program.elf:     file format elf32-littleriscv

Sections:
Idx Name          Size      VMA       LMA       File off  Algn
  0 .text         000001a0  00000000  00000000  00001000  2**2
                  CONTENTS, ALLOC, LOAD, READONLY, CODE
  1 .bss          00000000  10000000  000001a0  00002000  2**0
                  ALLOC
  2 .sbss         00000000  000001a0  000001a0  000011a0  2**0
                  CONTENTS
  3 .riscv.attributes 00000037  00000000  00000000  000011a0  2**0
                  CONTENTS, READONLY
  4 .comment      00000033  00000000  00000000  000011d7  2**0
                  CONTENTS, READONLY
  5 .debug_line   0000027a  00000000  00000000  0000120a  2**0
                  CONTENTS, READONLY, DEBUGGING, OCTETS
  6 .debug_line_str 00000120  00000000  00000000  00001484  2**0
                  CONTENTS, READONLY, DEBUGGING, OCTETS
  7 .debug_info   000001ff  00000000  00000000  000015a4  2**0
                  CONTENTS, READONLY, DEBUGGING, OCTETS
  8 .debug_abbrev 0000010d  00000000  00000000  000017a3  2**0
                  CONTENTS, READONLY, DEBUGGING, OCTETS
  9 .debug_aranges 00000060  00000000  00000000  000018b0  2**3
                  CONTENTS, READONLY, DEBUGGING, OCTETS
 10 .debug_str    0000013c  00000000  00000000  00001910  2**0
                  CONTENTS, READONLY, DEBUGGING, OCTETS
 11 .debug_frame  00000070  00000000  00000000  00001a4c  2**2
                  CONTENTS, READONLY, DEBUGGING, OCTETS
